// Vitest Snapshot v1, https://vitest.dev/guide/snapshot.html

exports[`App > should render app with default environment 1`] = `
<DocumentFragment>
  <script
    nonce=""
  >
    ((e,i,s,u,m,a,l,h)=&gt;{let d=document.documentElement,w=["light","dark"];function p(n){(Array.isArray(e)?e:[e]).forEach(y=&gt;{let k=y==="class",S=k&&a?m.map(f=&gt;a[f]||f):m;k?(d.classList.remove(...S),d.classList.add(a&&a[n]?a[n]:n)):d.setAttribute(y,n)}),R(n)}function R(n){h&&w.includes(n)&&(d.style.colorScheme=n)}function c(){return window.matchMedia("(prefers-color-scheme: dark)").matches?"dark":"light"}if(u)p(u);else try{let n=localStorage.getItem(i)||s,y=l&&n==="system"?c():n;p(y)}catch(n){}})("class","theme","system",null,["light","dark"],null,true,true)
  </script>
  <div
    class="css-1l1i41u"
  >
    <div
      class="css-gg4vpm"
    >
      <div
        class="css-11ae5ff"
      >
        <button
          aria-haspopup="menu"
          class="chakra-button chakra-menu__trigger css-1ocnt5x"
          data-part="trigger"
          data-scope="menu"
          data-state="closed"
          data-uid="_r_2_"
          dir="ltr"
          id="menu:_r_2_:trigger"
          type="button"
        >
          Public Cloud
        </button>
        <button
          class="chakra-button css-1mi07d4"
          type="button"
        >
          paasserverless
        </button>
        <button
          class="chakra-button css-1mi07d4"
          type="button"
        >
          websites
        </button>
      </div>
      <button
        aria-label="Toggle color mode"
        class="chakra-button css-frz056"
        type="button"
      >
        <svg
          fill="none"
          height="1em"
          stroke="currentColor"
          stroke-linecap="round"
          stroke-linejoin="round"
          stroke-width="2"
          viewBox="0 0 24 24"
          width="1em"
          xmlns="http://www.w3.org/2000/svg"
        >
          <circle
            cx="12"
            cy="12"
            r="4"
          />
          <path
            d="M12 2v2"
          />
          <path
            d="M12 20v2"
          />
          <path
            d="m4.93 4.93 1.41 1.41"
          />
          <path
            d="m17.66 17.66 1.41 1.41"
          />
          <path
            d="M2 12h2"
          />
          <path
            d="M20 12h2"
          />
          <path
            d="m6.34 17.66-1.41 1.41"
          />
          <path
            d="m19.07 4.93-1.41 1.41"
          />
        </svg>
      </button>
    </div>
    <div
      class="chakra-tabs__root css-upaspd"
      data-orientation="horizontal"
      data-part="root"
      data-scope="tabs"
      dir="ltr"
      id="tabs:_r_3_"
    >
      <div
        aria-orientation="horizontal"
        class="chakra-tabs__list css-yamsmp"
        data-orientation="horizontal"
        data-part="list"
        data-scope="tabs"
        dir="ltr"
        id="tabs:_r_3_:list"
        role="tablist"
      >
        <button
          aria-controls="extensions-tab"
          aria-selected="true"
          class="chakra-tabs__trigger css-19t98pl"
          data-focus=""
          data-orientation="horizontal"
          data-ownedby="tabs:_r_3_:list"
          data-part="trigger"
          data-scope="tabs"
          data-selected=""
          data-value="extensions"
          dir="ltr"
          id="tabs:_r_3_:trigger-extensions"
          role="tab"
          tabindex="0"
          type="button"
        >
          Extensions
        </button>
        <button
          aria-controls="build-tab"
          aria-selected="false"
          class="chakra-tabs__trigger css-19t98pl"
          data-orientation="horizontal"
          data-ownedby="tabs:_r_3_:list"
          data-part="trigger"
          data-scope="tabs"
          data-value="build"
          dir="ltr"
          id="tabs:_r_3_:trigger-build"
          role="tab"
          tabindex="-1"
          type="button"
        >
          Build Information
        </button>
        <button
          aria-controls="server-tab"
          aria-selected="false"
          class="chakra-tabs__trigger css-19t98pl"
          data-orientation="horizontal"
          data-ownedby="tabs:_r_3_:list"
          data-part="trigger"
          data-scope="tabs"
          data-value="server"
          dir="ltr"
          id="tabs:_r_3_:trigger-server"
          role="tab"
          tabindex="-1"
          type="button"
        >
          Server Information
        </button>
      </div>
    </div>
    <div
      class="css-1dwgpej"
      style="display: none;"
    >
      <span
        aria-label="Loading..."
        class="chakra-spinner css-11t4vt7"
      />
    </div>
    <div
      class="css-1dwgpej"
      style="display: none;"
    >
      <div
        class="chakra-alert__root css-1mc1tb4"
      >
        <span
          class="css-13gnd3a"
        >
          <svg
            class="css-126y6n1"
            viewBox="0 0 24 24"
          >
            <path
              d="M12 22C6.47715 22 2 17.5228 2 12C2 6.47715 6.47715 2 12 2C17.5228 2 22 6.47715 22 12C22 17.5228 17.5228 22 12 22ZM12 20C16.4183 20 20 16.4183 20 12C20 7.58172 16.4183 4 12 4C7.58172 4 4 7.58172 4 12C4 16.4183 7.58172 20 12 20ZM11 15H13V17H11V15ZM11 7H13V13H11V7Z"
            />
          </svg>
        </span>
        <div
          class="chakra-alert__title css-1kctzi1"
        >
          Error
        </div>
        <div
          class="chakra-alert__description css-t6kp1r"
        />
      </div>
    </div>
    <div
      class="css-177dxab"
      id="extensions-tab"
      role="tabpanel"
    >
      <div
        class="css-e3v19i"
      >
        <nav
          aria-label="Extensions"
          class="css-rqcg1t"
        >
          <button
            class="chakra-button css-1tlpiy1"
            type="button"
          >
            PaaS Serverless
          </button>
          <button
            class="chakra-button css-1tlpiy1"
            type="button"
          >
            Test Extension
          </button>
          <button
            class="chakra-button css-1tlpiy1"
            type="button"
          >
            Websites
          </button>
        </nav>
      </div>
    </div>
    <div
      class="css-177dxab"
      id="build-tab"
      role="tabpanel"
      style="display: none;"
    >
      <table
        class="chakra-table__root css-a2tetu"
      >
        <thead
          class="chakra-table__header"
        >
          <tr
            class="chakra-table__row css-11ot24d"
          >
            <th
              class="chakra-table__columnHeader css-kim7sg"
            >
              Name
            </th>
            <th
              class="chakra-table__columnHeader css-kim7sg"
            >
              Value
            </th>
          </tr>
        </thead>
        <tbody
          class="chakra-table__body"
        >
          <tr
            class="chakra-table__row css-11ot24d"
          >
            <td
              class="chakra-table__cell css-1luypx0"
            >
              Build Version
            </td>
            <td
              class="chakra-table__cell css-1luypx0"
            >
              1.2.3
            </td>
          </tr>
        </tbody>
      </table>
    </div>
    <div
      class="css-177dxab"
      id="server-tab"
      role="tabpanel"
      style="display: none;"
    >
      <table
        class="chakra-table__root css-a2tetu"
      >
        <thead
          class="chakra-table__header"
        >
          <tr
            class="chakra-table__row css-11ot24d"
          >
            <th
              class="chakra-table__columnHeader css-kim7sg"
            >
              Name
            </th>
            <th
              class="chakra-table__columnHeader css-kim7sg"
            >
              Value
            </th>
          </tr>
        </thead>
        <tbody
          class="chakra-table__body"
        >
          <tr
            class="chakra-table__row css-11ot24d"
          >
            <td
              class="chakra-table__cell css-1luypx0"
            >
              Hostname
            </td>
            <td
              class="chakra-table__cell css-1luypx0"
            >
              server.example.com
            </td>
          </tr>
          <tr
            class="chakra-table__row css-11ot24d"
          >
            <td
              class="chakra-table__cell css-1luypx0"
            >
              Uptime
            </td>
            <td
              class="chakra-table__cell css-1luypx0"
            >
              1234567890
            </td>
          </tr>
          <tr
            class="chakra-table__row css-11ot24d"
          >
            <td
              class="chakra-table__cell css-1luypx0"
            >
              Server ID
            </td>
            <td
              class="chakra-table__cell css-1luypx0"
            >
              server-456
            </td>
          </tr>
          <tr
            class="chakra-table__row css-11ot24d"
          >
            <td
              class="chakra-table__cell css-1luypx0"
            >
              Deployment ID
            </td>
            <td
              class="chakra-table__cell css-1luypx0"
            >
              deploy-123
            </td>
          </tr>
          <tr
            class="chakra-table__row css-11ot24d"
          >
            <td
              class="chakra-table__cell css-1luypx0"
            >
              Node Versions
            </td>
            <td
              class="chakra-table__cell css-1luypx0"
            >
              v18.17.0
            </td>
          </tr>
          <tr
            class="chakra-table__row css-11ot24d"
          >
            <td
              class="chakra-table__cell css-1luypx0"
            >
              Extension Sync | Total Sync All Count
            </td>
            <td
              class="chakra-table__cell css-1luypx0"
            >
              42
            </td>
          </tr>
        </tbody>
      </table>
    </div>
  </div>
</DocumentFragment>
`;
