// Vitest Snapshot v1, https://vitest.dev/guide/snapshot.html

exports[`Extension > matches snapshot 1`] = `
<DocumentFragment>
  <div
    class="flex flex-col flex-grow gap-3 max-h-max overflow-y-auto px-2 py-0"
  >
    <h1
      class="text-4xl font-bold"
    >
      test-extension
    </h1>
  </div>
</DocumentFragment>
`;
