// Vitest Snapshot v1, https://vitest.dev/guide/snapshot.html

exports[`ServerInfoTable > renders server info 1`] = `
"<div class="v-table v-theme--light v-table--density-default">
  <!---->
  <div class="v-table__wrapper">
    <table>
      <thead>
        <tr>
          <th>Name</th>
          <th>Value</th>
        </tr>
      </thead>
      <tbody>
        <tr>
          <td>Hostname</td>
          <td>my-host</td>
        </tr>
        <tr>
          <td>Uptime</td>
          <td>24</td>
        </tr>
        <tr>
          <td>Server ID</td>
          <td>srv-123</td>
        </tr>
        <tr>
          <td>Deployment ID</td>
          <td>dep-456</td>
        </tr>
        <tr>
          <td>Node Versions</td>
          <td>v18.0.0</td>
        </tr>
        <tr>
          <td>Extension Sync | Total Sync All Count</td>
          <td>42</td>
        </tr>
      </tbody>
    </table>
  </div>
  <!---->
</div>"
`;
