// Vitest Snapshot v1, https://vitest.dev/guide/snapshot.html

exports[`StageDefinitionTable > renders stage definitions 1`] = `
"<h2 class="text-h4">Stage Definitions</h2>
<div class="v-table v-table--has-top v-table--has-bottom v-theme--light v-table--density-default v-data-table">
  <!---->
  <div class="v-table__wrapper">
    <table>
      <!---->
      <thead>
        <tr>
          <th class="v-data-table__td v-data-table-column--align-start v-data-table__th" colspan="1" rowspan="1">
            <div class="v-data-table-header__content"><span>Key</span>
              <!---->
              <!---->
            </div>
          </th>
          <th class="v-data-table__td v-data-table-column--align-start v-data-table__th" colspan="1" rowspan="1">
            <div class="v-data-table-header__content"><span>Value</span>
              <!---->
              <!---->
            </div>
          </th>
        </tr>
        <!---->
      </thead>
      <!---->
      <tbody>
        <!---->
        <tr class="v-data-table__tr">
          <td class="v-data-table__td v-data-table-column--align-start">build</td>
          <td class="v-data-table__td v-data-table-column--align-start">compile, link</td>
        </tr>
        <!---->
        <tr class="v-data-table__tr">
          <td class="v-data-table__td v-data-table-column--align-start">test</td>
          <td class="v-data-table__td v-data-table-column--align-start">unit, integration</td>
        </tr>
        <!---->
        <!---->
      </tbody>
      <!---->
      <!---->
    </table>
  </div>
  <!---->
</div>"
`;
