// Vitest Snapshot v1, https://vitest.dev/guide/snapshot.html

exports[`Extension > matches snapshot 1`] = `
<DocumentFragment>
  <div
    class="extension-root grow"
    id="extension"
  >
    <h2
      class="bp6-heading"
    >
      SampleExtension
    </h2>
  </div>
</DocumentFragment>
`;
