// Vitest Snapshot v1, https://vitest.dev/guide/snapshot.html

exports[`ThemedApp > matches snapshot 1`] = `
<DocumentFragment>
  <div />
</DocumentFragment>
`;
