// Vitest Snapshot v1, https://vitest.dev/guide/snapshot.html

exports[`Extension > matches snapshot with full data (config + stageDefinition) 1`] = `
<DocumentFragment>
  <div
    class="flex flex-col gap-2 max-h-max overflow-y-auto p-2 flex-grow"
  >
    <h1
      class="text-xl font-semibold"
    >
      sample-extension
    </h1>
    <div>
      <h2
        class="text-lg font-semibold"
      >
        Configuration
      </h2>
      <div
        class="relative w-full overflow-x-auto"
        data-slot="table-container"
      >
        <table
          aria-label="Configuration"
          class="w-full caption-bottom text-sm"
          data-slot="table"
        >
          <thead
            class="[&_tr]:border-b"
            data-slot="table-header"
          >
            <tr
              class="hover:bg-muted/50 data-[state=selected]:bg-muted border-b transition-colors"
              data-slot="table-row"
            >
              <th
                class="text-foreground h-10 px-2 text-left align-middle font-medium whitespace-nowrap [&:has([role=checkbox])]:pr-0 [&>[role=checkbox]]:translate-y-[2px]"
                data-slot="table-head"
              >
                Key
              </th>
              <th
                class="text-foreground h-10 px-2 text-left align-middle font-medium whitespace-nowrap [&:has([role=checkbox])]:pr-0 [&>[role=checkbox]]:translate-y-[2px]"
                data-slot="table-head"
              >
                Value
              </th>
            </tr>
          </thead>
          <tbody
            class="[&_tr:last-child]:border-0"
            data-slot="table-body"
          >
            <tr
              class="hover:bg-muted/50 data-[state=selected]:bg-muted border-b transition-colors"
              data-slot="table-row"
            >
              <td
                class="p-2 align-middle whitespace-nowrap [&:has([role=checkbox])]:pr-0 [&>[role=checkbox]]:translate-y-[2px]"
                data-slot="table-cell"
              >
                FOO
              </td>
              <td
                class="p-2 align-middle whitespace-nowrap [&:has([role=checkbox])]:pr-0 [&>[role=checkbox]]:translate-y-[2px]"
                data-slot="table-cell"
              >
                bar
              </td>
            </tr>
            <tr
              class="hover:bg-muted/50 data-[state=selected]:bg-muted border-b transition-colors"
              data-slot="table-row"
            >
              <td
                class="p-2 align-middle whitespace-nowrap [&:has([role=checkbox])]:pr-0 [&>[role=checkbox]]:translate-y-[2px]"
                data-slot="table-cell"
              >
                BAZ
              </td>
              <td
                class="p-2 align-middle whitespace-nowrap [&:has([role=checkbox])]:pr-0 [&>[role=checkbox]]:translate-y-[2px]"
                data-slot="table-cell"
              >
                qux
              </td>
            </tr>
          </tbody>
        </table>
      </div>
    </div>
    <div>
      <h2
        class="text-lg font-semibold"
      >
        Stage Definitions
      </h2>
      <div
        class="relative w-full overflow-x-auto"
        data-slot="table-container"
      >
        <table
          aria-label="Stage Definitions"
          class="w-full caption-bottom text-sm"
          data-slot="table"
        >
          <thead
            class="[&_tr]:border-b"
            data-slot="table-header"
          >
            <tr
              class="hover:bg-muted/50 data-[state=selected]:bg-muted border-b transition-colors"
              data-slot="table-row"
            >
              <th
                class="text-foreground h-10 px-2 text-left align-middle font-medium whitespace-nowrap [&:has([role=checkbox])]:pr-0 [&>[role=checkbox]]:translate-y-[2px]"
                data-slot="table-head"
              >
                Key
              </th>
              <th
                class="text-foreground h-10 px-2 text-left align-middle font-medium whitespace-nowrap [&:has([role=checkbox])]:pr-0 [&>[role=checkbox]]:translate-y-[2px]"
                data-slot="table-head"
              >
                Value
              </th>
            </tr>
          </thead>
          <tbody
            class="[&_tr:last-child]:border-0"
            data-slot="table-body"
          >
            <tr
              class="hover:bg-muted/50 data-[state=selected]:bg-muted border-b transition-colors"
              data-slot="table-row"
            >
              <td
                class="p-2 align-middle whitespace-nowrap [&:has([role=checkbox])]:pr-0 [&>[role=checkbox]]:translate-y-[2px]"
                data-slot="table-cell"
              >
                build
              </td>
              <td
                class="p-2 align-middle whitespace-nowrap [&:has([role=checkbox])]:pr-0 [&>[role=checkbox]]:translate-y-[2px]"
                data-slot="table-cell"
              >
                compile, unit-test
              </td>
            </tr>
            <tr
              class="hover:bg-muted/50 data-[state=selected]:bg-muted border-b transition-colors"
              data-slot="table-row"
            >
              <td
                class="p-2 align-middle whitespace-nowrap [&:has([role=checkbox])]:pr-0 [&>[role=checkbox]]:translate-y-[2px]"
                data-slot="table-cell"
              >
                release
              </td>
              <td
                class="p-2 align-middle whitespace-nowrap [&:has([role=checkbox])]:pr-0 [&>[role=checkbox]]:translate-y-[2px]"
                data-slot="table-cell"
              >
                staging, production
              </td>
            </tr>
          </tbody>
        </table>
      </div>
    </div>
  </div>
</DocumentFragment>
`;

exports[`Extension > matches snapshot with only extensionName 1`] = `
<DocumentFragment>
  <div
    class="flex flex-col gap-2 max-h-max overflow-y-auto p-2 flex-grow"
  >
    <h1
      class="text-xl font-semibold"
    >
      minimal-extension
    </h1>
  </div>
</DocumentFragment>
`;
