// Vitest Snapshot v1, https://vitest.dev/guide/snapshot.html

exports[`BuildInfo > matches snapshot 1`] = `
<div>
  <table
    aria-label="Build Info"
    class="StyledTable-sc-1m3u5g-6 wtbPz"
  >
    <thead
      class="StyledTable__StyledTableHeader-sc-1m3u5g-4"
    >
      <tr
        class="StyledTable__StyledTableRow-sc-1m3u5g-2"
      >
        <th
          class="StyledTable__StyledTableCell-sc-1m3u5g-0 cYkJuW"
          scope="col"
        >
          Name
        </th>
        <th
          class="StyledTable__StyledTableCell-sc-1m3u5g-0 cYkJuW"
          scope="col"
        >
          Value
        </th>
      </tr>
    </thead>
    <tbody
      class="StyledTable__StyledTableBody-sc-1m3u5g-3"
    >
      <tr
        class="StyledTable__StyledTableRow-sc-1m3u5g-2"
      >
        <td
          class="StyledTable__StyledTableCell-sc-1m3u5g-0 gBRlEM"
        >
          Build Version
        </td>
        <td
          class="StyledTable__StyledTableCell-sc-1m3u5g-0 gBRlEM"
        >
          1.2.3
        </td>
      </tr>
    </tbody>
  </table>
</div>
`;
