// Vitest Snapshot v1, https://vitest.dev/guide/snapshot.html

exports[`Configuration > matches snapshot 1`] = `
<div>
  <div>
    <h3
      class="StyledHeading-sc-1rdh4aw-0 chLmqp"
    >
      Configuration
    </h3>
    <table
      aria-label="Configuration"
      class="StyledTable-sc-1m3u5g-6 jlczSm"
    >
      <thead
        class="StyledTable__StyledTableHeader-sc-1m3u5g-4"
      >
        <tr
          class="StyledTable__StyledTableRow-sc-1m3u5g-2"
        >
          <th
            class="StyledTable__StyledTableCell-sc-1m3u5g-0 kSxzat"
            scope="col"
          >
            Key
          </th>
          <th
            class="StyledTable__StyledTableCell-sc-1m3u5g-0 kSxzat"
            scope="col"
          >
            Value
          </th>
        </tr>
      </thead>
      <tbody
        class="StyledTable__StyledTableBody-sc-1m3u5g-3"
      >
        <tr
          class="StyledTable__StyledTableRow-sc-1m3u5g-2"
        >
          <td
            class="StyledTable__StyledTableCell-sc-1m3u5g-0 kCLlzz"
          >
            apiUrl
          </td>
          <td
            class="StyledTable__StyledTableCell-sc-1m3u5g-0 kCLlzz"
          >
            https://example.com
          </td>
        </tr>
        <tr
          class="StyledTable__StyledTableRow-sc-1m3u5g-2"
        >
          <td
            class="StyledTable__StyledTableCell-sc-1m3u5g-0 kCLlzz"
          >
            theme
          </td>
          <td
            class="StyledTable__StyledTableCell-sc-1m3u5g-0 kCLlzz"
          >
            dark
          </td>
        </tr>
      </tbody>
    </table>
  </div>
</div>
`;
