// Vitest Snapshot v1, https://vitest.dev/guide/snapshot.html

exports[`StageDefinition > matches snapshot 1`] = `
<div>
  <div>
    <h3
      class="StyledHeading-sc-1rdh4aw-0 hrdewH"
    >
      Stage Definitions
    </h3>
    <table
      aria-label="Stage Definitions"
      class="StyledTable-sc-1m3u5g-6 wtbPz"
    >
      <thead
        class="StyledTable__StyledTableHeader-sc-1m3u5g-4"
      >
        <tr
          class="StyledTable__StyledTableRow-sc-1m3u5g-2"
        >
          <th
            class="StyledTable__StyledTableCell-sc-1m3u5g-0 cYkJuW"
            scope="col"
          >
            Key
          </th>
          <th
            class="StyledTable__StyledTableCell-sc-1m3u5g-0 cYkJuW"
            scope="col"
          >
            Value
          </th>
        </tr>
      </thead>
      <tbody
        class="StyledTable__StyledTableBody-sc-1m3u5g-3"
      >
        <tr
          class="StyledTable__StyledTableRow-sc-1m3u5g-2"
        >
          <td
            class="StyledTable__StyledTableCell-sc-1m3u5g-0 gBRlEM"
          >
            build
          </td>
          <td
            class="StyledTable__StyledTableCell-sc-1m3u5g-0 gBRlEM"
          >
            compile, test
          </td>
        </tr>
        <tr
          class="StyledTable__StyledTableRow-sc-1m3u5g-2"
        >
          <td
            class="StyledTable__StyledTableCell-sc-1m3u5g-0 gBRlEM"
          >
            deploy
          </td>
          <td
            class="StyledTable__StyledTableCell-sc-1m3u5g-0 gBRlEM"
          >
            upload, restart
          </td>
        </tr>
      </tbody>
    </table>
  </div>
</div>
`;
